{"level":"error","ts":1770371694.5546649,"logger":"LUCA","caller":"src/go_gorm_mysql.go:16","msg":"MySQL 连接失败","error":"dial tcp [::1]:3306: connect: connection refused","stacktrace":"main.init.0\n\t/Volumes/lucaAssets/luca/go/hello-go/src/go_gorm_mysql.go:16\nruntime.doInit1\n\t/usr/local/go/src/runtime/proc.go:7353\nruntime.doInit\n\t/usr/local/go/src/runtime/proc.go:7320\nruntime.main\n\t/usr/local/go/src/runtime/proc.go:254"}
{"level":"info","ts":1770371694.562976,"logger":"LUCA","caller":"src/tcp_scan.go:43","msg":"TCP 端口扫描完成","opened_ports":[88,53,22]}
{"level":"info","ts":1770371694.56305,"logger":"LUCA","caller":"src/main.go:93","msg":"应用启动","version":"1.0.0","port":8080}
{"level":"info","ts":1770371694.5630789,"logger":"LUCA","caller":"src/main.go:99","msg":"处理了 100 个请求"}
{"level":"debug","ts":1770371694.5631008,"logger":"LUCA","caller":"src/main.go:100","msg":"调试信息"}
{"level":"debug","ts":1770371694.563122,"logger":"LUCA","caller":"src/main.go:101","msg":"调试信息: map[count:5]"}
{"level":"warn","ts":1770371694.563134,"logger":"LUCA","caller":"src/main.go:102","msg":"警告: CPU 使用率 85%"}
{"level":"error","ts":1770371694.563144,"logger":"LUCA","caller":"src/main.go:103","msg":"错误: 连接超时","stacktrace":"main.main\n\t/Volumes/lucaAssets/luca/go/hello-go/src/main.go:103\nruntime.main\n\t/usr/local/go/src/runtime/proc.go:283"}
{"level":"error","ts":1770371761.770437,"logger":"LUCA","caller":"src/go_gorm_mysql.go:16","msg":"MySQL 连接失败","error":"dial tcp [::1]:3306: connect: connection refused","stacktrace":"main.init.0\n\t/Volumes/lucaAssets/luca/go/hello-go/src/go_gorm_mysql.go:16\nruntime.doInit1\n\t/usr/local/go/src/runtime/proc.go:7353\nruntime.doInit\n\t/usr/local/go/src/runtime/proc.go:7320\nruntime.main\n\t/usr/local/go/src/runtime/proc.go:254"}
{"level":"info","ts":1770371761.7801511,"logger":"LUCA","caller":"src/tcp_scan.go:43","msg":"TCP 端口扫描完成","opened_ports":[22,88,53]}
{"level":"info","ts":1770371761.780242,"logger":"LUCA","caller":"src/main.go:93","msg":"应用启动","version":"1.0.0","port":8080}
{"level":"info","ts":1770371761.780273,"logger":"LUCA","caller":"src/main.go:99","msg":"处理了 100 个请求"}
{"level":"debug","ts":1770371761.7802958,"logger":"LUCA","caller":"src/main.go:100","msg":"调试信息"}
{"level":"debug","ts":1770371761.780315,"logger":"LUCA","caller":"src/main.go:101","msg":"调试信息: map[count:5]"}
{"level":"warn","ts":1770371761.7803268,"logger":"LUCA","caller":"src/main.go:102","msg":"警告: CPU 使用率 85%"}
{"level":"error","ts":1770371761.7803378,"logger":"LUCA","caller":"src/main.go:103","msg":"错误: 连接超时","stacktrace":"main.main\n\t/Volumes/lucaAssets/luca/go/hello-go/src/main.go:103\nruntime.main\n\t/usr/local/go/src/runtime/proc.go:283"}
{"level":"error","ts":1770602881.904177,"logger":"LUCA","caller":"src/go_gorm_mysql.go:16","msg":"MySQL 连接失败","error":"dial tcp [::1]:3306: connect: connection refused","stacktrace":"main.init.0\n\t/Volumes/lucaAssets/luca/go/hello-go/src/go_gorm_mysql.go:16\nruntime.doInit1\n\t/usr/local/go/src/runtime/proc.go:7353\nruntime.doInit\n\t/usr/local/go/src/runtime/proc.go:7320\nruntime.main\n\t/usr/local/go/src/runtime/proc.go:254"}
{"level":"info","ts":1770602881.922352,"logger":"LUCA","caller":"src/tcp_scan.go:43","msg":"TCP 端口扫描完成","opened_ports":[88,22]}
{"level":"error","ts":1770602900.103321,"logger":"LUCA","caller":"src/go_gorm_mysql.go:16","msg":"MySQL 连接失败","error":"dial tcp [::1]:3306: connect: connection refused","stacktrace":"main.init.0\n\t/Volumes/lucaAssets/luca/go/hello-go/src/go_gorm_mysql.go:16\nruntime.doInit1\n\t/usr/local/go/src/runtime/proc.go:7353\nruntime.doInit\n\t/usr/local/go/src/runtime/proc.go:7320\nruntime.main\n\t/usr/local/go/src/runtime/proc.go:254"}
{"level":"error","ts":1770602994.6639092,"logger":"LUCA","caller":"src/go_gorm_mysql.go:16","msg":"MySQL 连接失败","error":"dial tcp [::1]:3306: connect: connection refused","stacktrace":"main.init.0\n\t/Volumes/lucaAssets/luca/go/hello-go/src/go_gorm_mysql.go:16\nruntime.doInit1\n\t/usr/local/go/src/runtime/proc.go:7353\nruntime.doInit\n\t/usr/local/go/src/runtime/proc.go:7320\nruntime.main\n\t/usr/local/go/src/runtime/proc.go:254"}
{"level":"info","ts":1770602994.666862,"logger":"LUCA","caller":"api/user.go:22","msg":"User API server started on port 8080"}
{"level":"error","ts":1770603038.718026,"logger":"LUCA","caller":"src/go_gorm_mysql.go:16","msg":"MySQL 连接失败","error":"dial tcp [::1]:3306: connect: connection refused","stacktrace":"main.init.0\n\t/Volumes/lucaAssets/luca/go/hello-go/src/go_gorm_mysql.go:16\nruntime.doInit1\n\t/usr/local/go/src/runtime/proc.go:7353\nruntime.doInit\n\t/usr/local/go/src/runtime/proc.go:7320\nruntime.main\n\t/usr/local/go/src/runtime/proc.go:254"}
{"level":"info","ts":1770603038.7184262,"logger":"LUCA","caller":"api/user.go:22","msg":"User API server started on port 8080"}
{"level":"error","ts":1770603076.81497,"logger":"LUCA","caller":"src/go_gorm_mysql.go:16","msg":"MySQL 连接失败","error":"dial tcp [::1]:3306: connect: connection refused","stacktrace":"main.init.0\n\t/Volumes/lucaAssets/luca/go/hello-go/src/go_gorm_mysql.go:16\nruntime.doInit1\n\t/usr/local/go/src/runtime/proc.go:7353\nruntime.doInit\n\t/usr/local/go/src/runtime/proc.go:7320\nruntime.main\n\t/usr/local/go/src/runtime/proc.go:254"}
{"level":"info","ts":1770603076.816,"logger":"LUCA","caller":"api/user.go:22","msg":"User API server started on port 8000"}
{"level":"error","ts":1770603101.510229,"logger":"LUCA","caller":"src/go_gorm_mysql.go:16","msg":"MySQL 连接失败","error":"dial tcp [::1]:3306: connect: connection refused","stacktrace":"main.init.0\n\t/Volumes/lucaAssets/luca/go/hello-go/src/go_gorm_mysql.go:16\nruntime.doInit1\n\t/usr/local/go/src/runtime/proc.go:7353\nruntime.doInit\n\t/usr/local/go/src/runtime/proc.go:7320\nruntime.main\n\t/usr/local/go/src/runtime/proc.go:254"}
{"level":"info","ts":1770603101.513798,"logger":"LUCA","caller":"api/user.go:21","msg":"User API server started on port 8000"}
{"level":"error","ts":1770603415.9615612,"logger":"LUCA","caller":"src/go_gorm_mysql.go:16","msg":"MySQL 连接失败","error":"dial tcp [::1]:3306: connect: connection refused","stacktrace":"main.init.0\n\t/Volumes/lucaAssets/luca/go/hello-go/src/go_gorm_mysql.go:16\nruntime.doInit1\n\t/usr/local/go/src/runtime/proc.go:7353\nruntime.doInit\n\t/usr/local/go/src/runtime/proc.go:7320\nruntime.main\n\t/usr/local/go/src/runtime/proc.go:254"}
{"level":"info","ts":1770603415.962305,"logger":"LUCA","caller":"api/user.go:22","msg":"User API server started on port 8000"}
{"level":"error","ts":1770604391.914173,"logger":"LUCA","caller":"src/go_gorm_mysql.go:16","msg":"MySQL 连接失败","error":"dial tcp [::1]:3306: connect: connection refused","stacktrace":"main.init.0\n\t/Volumes/lucaAssets/luca/go/hello-go/src/go_gorm_mysql.go:16\nruntime.doInit1\n\t/usr/local/go/src/runtime/proc.go:7353\nruntime.doInit\n\t/usr/local/go/src/runtime/proc.go:7320\nruntime.main\n\t/usr/local/go/src/runtime/proc.go:254"}
{"level":"info","ts":1770604391.915261,"logger":"LUCA","caller":"api/user.go:23","msg":"User API server started on port 8000"}
{"level":"error","ts":1770604417.764122,"logger":"LUCA","caller":"src/go_gorm_mysql.go:16","msg":"MySQL 连接失败","error":"dial tcp [::1]:3306: connect: connection refused","stacktrace":"main.init.0\n\t/Volumes/lucaAssets/luca/go/hello-go/src/go_gorm_mysql.go:16\nruntime.doInit1\n\t/usr/local/go/src/runtime/proc.go:7353\nruntime.doInit\n\t/usr/local/go/src/runtime/proc.go:7320\nruntime.main\n\t/usr/local/go/src/runtime/proc.go:254"}
{"level":"info","ts":1770604417.765089,"logger":"LUCA","caller":"api/user.go:23","msg":"User API server started on port 8000"}
{"level":"error","ts":1770604723.1608489,"logger":"LUCA","caller":"src/go_gorm_mysql.go:16","msg":"MySQL 连接失败","error":"dial tcp [::1]:3306: connect: connection refused","stacktrace":"main.init.0\n\t/Volumes/lucaAssets/luca/go/hello-go/src/go_gorm_mysql.go:16\nruntime.doInit1\n\t/usr/local/go/src/runtime/proc.go:7353\nruntime.doInit\n\t/usr/local/go/src/runtime/proc.go:7320\nruntime.main\n\t/usr/local/go/src/runtime/proc.go:254"}
{"level":"info","ts":1770604723.161268,"logger":"LUCA","caller":"api/user.go:27","msg":"User API server started on port 8000"}
{"level":"error","ts":1770604851.056493,"logger":"LUCA","caller":"src/go_gorm_mysql.go:16","msg":"MySQL 连接失败","error":"dial tcp [::1]:3306: connect: connection refused","stacktrace":"main.init.0\n\t/Volumes/lucaAssets/luca/go/hello-go/src/go_gorm_mysql.go:16\nruntime.doInit1\n\t/usr/local/go/src/runtime/proc.go:7353\nruntime.doInit\n\t/usr/local/go/src/runtime/proc.go:7320\nruntime.main\n\t/usr/local/go/src/runtime/proc.go:254"}
{"level":"info","ts":1770604851.056927,"logger":"LUCA","caller":"api/user.go:41","msg":"User API server started on port 8000"}
{"level":"error","ts":1770604903.091737,"logger":"LUCA","caller":"src/go_gorm_mysql.go:16","msg":"MySQL 连接失败","error":"dial tcp [::1]:3306: connect: connection refused","stacktrace":"main.init.0\n\t/Volumes/lucaAssets/luca/go/hello-go/src/go_gorm_mysql.go:16\nruntime.doInit1\n\t/usr/local/go/src/runtime/proc.go:7353\nruntime.doInit\n\t/usr/local/go/src/runtime/proc.go:7320\nruntime.main\n\t/usr/local/go/src/runtime/proc.go:254"}
{"level":"info","ts":1770604903.092479,"logger":"LUCA","caller":"api/user.go:41","msg":"User API server started on port 8000"}
{"level":"error","ts":1770605201.5966809,"logger":"LUCA","caller":"src/go_gorm_mysql.go:16","msg":"MySQL 连接失败","error":"dial tcp [::1]:3306: connect: connection refused","stacktrace":"main.init.0\n\t/Volumes/lucaAssets/luca/go/hello-go/src/go_gorm_mysql.go:16\nruntime.doInit1\n\t/usr/local/go/src/runtime/proc.go:7353\nruntime.doInit\n\t/usr/local/go/src/runtime/proc.go:7320\nruntime.main\n\t/usr/local/go/src/runtime/proc.go:254"}
{"level":"error","ts":1770605753.5538208,"logger":"LUCA","caller":"src/go_gorm_mysql.go:16","msg":"MySQL 连接失败","error":"dial tcp [::1]:3306: connect: connection refused","stacktrace":"main.init.0\n\t/Volumes/lucaAssets/luca/go/hello-go/src/go_gorm_mysql.go:16\nruntime.doInit1\n\t/usr/local/go/src/runtime/proc.go:7353\nruntime.doInit\n\t/usr/local/go/src/runtime/proc.go:7320\nruntime.main\n\t/usr/local/go/src/runtime/proc.go:254"}
{"level":"info","ts":1770605755.062915,"logger":"LUCA","caller":"api/user.go:99","msg":"[fd238b39-da03-4261-8f76-c8446ed67452] 用户登录成功: admin"}
{"level":"info","ts":1770605758.775123,"logger":"LUCA","caller":"api/user.go:99","msg":"[781566a6-c43a-4230-b707-f59a5d4c4836] 用户登录成功: admin"}
{"level":"info","ts":1770605759.969006,"logger":"LUCA","caller":"api/user.go:99","msg":"[a679374c-1715-4061-afc2-c10e9bef28f9] 用户登录成功: admin"}
{"level":"info","ts":1770606111.2095091,"logger":"LUCA","caller":"redis/redis.go:18","msg":"Connected to Redis successfully"}
{"level":"error","ts":1770606111.214199,"logger":"LUCA","caller":"src/go_gorm_mysql.go:16","msg":"MySQL 连接失败","error":"dial tcp [::1]:3306: connect: connection refused","stacktrace":"main.init.0\n\t/Volumes/lucaAssets/luca/go/hello-go/src/go_gorm_mysql.go:16\nruntime.doInit1\n\t/usr/local/go/src/runtime/proc.go:7353\nruntime.doInit\n\t/usr/local/go/src/runtime/proc.go:7320\nruntime.main\n\t/usr/local/go/src/runtime/proc.go:254"}
{"level":"info","ts":1770606416.063124,"logger":"LUCA","caller":"api/user.go:107","msg":"[34b29a6f-dd82-4ae3-97f4-3ece91133e04] 用户登录成功: admin"}
{"level":"info","ts":1770606545.232955,"logger":"LUCA","caller":"redis/redis.go:18","msg":"Connected to Redis successfully"}
{"level":"error","ts":1770606545.237767,"logger":"LUCA","caller":"src/go_gorm_mysql.go:16","msg":"MySQL 连接失败","error":"dial tcp [::1]:3306: connect: connection refused","stacktrace":"main.init.0\n\t/Volumes/lucaAssets/luca/go/hello-go/src/go_gorm_mysql.go:16\nruntime.doInit1\n\t/usr/local/go/src/runtime/proc.go:7353\nruntime.doInit\n\t/usr/local/go/src/runtime/proc.go:7320\nruntime.main\n\t/usr/local/go/src/runtime/proc.go:254"}
{"level":"info","ts":1770606550.679223,"logger":"LUCA","caller":"api/user.go:81","msg":"[d1a9f48e-ea6d-4077-9387-51fb5b0c96d5] 用户登录成功，生成用户ID: 2020696448395382784"}
{"level":"info","ts":1770606550.69211,"logger":"LUCA","caller":"api/user.go:109","msg":"[d1a9f48e-ea6d-4077-9387-51fb5b0c96d5] 用户登录成功: admin"}
{"level":"info","ts":1770606555.278243,"logger":"LUCA","caller":"api/user.go:81","msg":"[f9c6bc8d-45df-4030-81be-fc07382e1c0c] 用户登录成功，生成用户ID: 2020696467684986880"}
{"level":"info","ts":1770606555.2787268,"logger":"LUCA","caller":"api/user.go:109","msg":"[f9c6bc8d-45df-4030-81be-fc07382e1c0c] 用户登录成功: admin"}
{"level":"info","ts":1770607274.242704,"logger":"LUCA","caller":"redis/redis.go:18","msg":"Connected to Redis successfully"}
{"level":"info","ts":1770607306.517545,"logger":"LUCA","caller":"redis/redis.go:18","msg":"Redis 链接成功"}
{"level":"info","ts":1770615759.817704,"logger":"LUCA","caller":"redis/redis.go:18","msg":"Redis 链接成功"}
{"level":"error","ts":1770615774.64744,"logger":"LUCA","caller":"api/user.go:95","msg":"[df7839b1-a9c9-4621-873b-16437b106c34] 查询用户失败: Error 1054 (42S22): Unknown column 'users.password' in 'where clause'","stacktrace":"hello-go/src/api.loginHandle\n\t/Volumes/lucaAssets/luca/go/hello-go/src/api/user.go:95\ngithub.com/gin-gonic/gin.(*Context).Next\n\t/Users/leizi/go/pkg/mod/github.com/gin-gonic/gin@v1.11.0/context.go:192\nhello-go/src/api.TraceIDMiddleware.func1\n\t/Volumes/lucaAssets/luca/go/hello-go/src/api/user.go:44\ngithub.com/gin-gonic/gin.(*Context).Next\n\t/Users/leizi/go/pkg/mod/github.com/gin-gonic/gin@v1.11.0/context.go:192\ngithub.com/gin-gonic/gin.CustomRecoveryWithWriter.func1\n\t/Users/leizi/go/pkg/mod/github.com/gin-gonic/gin@v1.11.0/recovery.go:92\ngithub.com/gin-gonic/gin.(*Context).Next\n\t/Users/leizi/go/pkg/mod/github.com/gin-gonic/gin@v1.11.0/context.go:192\ngithub.com/gin-gonic/gin.LoggerWithConfig.func1\n\t/Users/leizi/go/pkg/mod/github.com/gin-gonic/gin@v1.11.0/logger.go:249\ngithub.com/gin-gonic/gin.(*Context).Next\n\t/Users/leizi/go/pkg/mod/github.com/gin-gonic/gin@v1.11.0/context.go:192\ngithub.com/gin-gonic/gin.(*Engine).handleHTTPRequest\n\t/Users/leizi/go/pkg/mod/github.com/gin-gonic/gin@v1.11.0/gin.go:689\ngithub.com/gin-gonic/gin.(*Engine).ServeHTTP\n\t/Users/leizi/go/pkg/mod/github.com/gin-gonic/gin@v1.11.0/gin.go:643\nnet/http.serverHandler.ServeHTTP\n\t/usr/local/go/src/net/http/server.go:3301\nnet/http.(*conn).serve\n\t/usr/local/go/src/net/http/server.go:2102"}
{"level":"info","ts":1770616034.758803,"logger":"LUCA","caller":"redis/redis.go:18","msg":"Redis 链接成功"}
{"level":"info","ts":1770616038.190389,"logger":"LUCA","caller":"api/user.go:125","msg":"[91571a83-3157-4835-8dcc-6854396b7f1c] 创建新用户成功: admin"}
{"level":"info","ts":1770616038.190552,"logger":"LUCA","caller":"api/user.go:192","msg":"新创建用户，生成token"}
{"level":"info","ts":1770616038.1910882,"logger":"LUCA","caller":"api/user.go:216","msg":"[91571a83-3157-4835-8dcc-6854396b7f1c] 用户登录成功: admin"}
{"level":"info","ts":1770616101.877459,"logger":"LUCA","caller":"api/user.go:158","msg":"[c2e198fb-3d99-4fe3-a40c-ff36ba392e0b] 用户登录成功: admin"}
{"level":"info","ts":1770616360.369596,"logger":"LUCA","caller":"redis/redis.go:18","msg":"Redis 链接成功"}
{"level":"info","ts":1770616369.10289,"logger":"LUCA","caller":"api/user.go:158","msg":"[f61b2243-8e3d-402e-a06d-748ad6f399be] 用户登录成功: admin"}
{"level":"info","ts":1770617617.195157,"logger":"LUCA","caller":"redis/redis.go:18","msg":"Redis 链接成功"}
{"level":"info","ts":1770617619.081887,"logger":"LUCA","caller":"api/user.go:119","msg":"[e3d061a8-846e-450d-9ad6-3cb9ac97472e] 用户登录成功: admin"}
{"level":"info","ts":1770617632.7759821,"logger":"LUCA","caller":"api/user.go:119","msg":"[0dac2adc-035d-4a8e-86c5-2550276b04b3] 用户登录成功: admin"}
{"level":"info","ts":1770618747.050373,"logger":"LUCA","caller":"redis/redis.go:18","msg":"Redis 链接成功"}
{"level":"info","ts":1770618866.519213,"logger":"LUCA","caller":"api/user.go:131","msg":"[48322f98-4218-42d8-bc78-5cb1053aa7e2] 用户登录成功: admin"}
{"level":"info","ts":1770618900.899143,"logger":"LUCA","caller":"redis/redis.go:18","msg":"Redis 链接成功"}
{"level":"debug","ts":1770618903.7135649,"logger":"LUCA","caller":"api/user.go:203","msg":"[393f1ab1-f36f-4842-a10d-db399fb26654] Authorization header: Bearer {\"trace_id\":\"0dac2adc-035d-4a8e-86c5-2550276b04b3\",\"code\":200,\"message\":\"OK\",\"data\":{\"accessToken\":\"eyJhbGciOiJIUzI1NiIsInR5cCI6IkpXVCJ9.eyJleHAiOjE3NzEyMjA4MzgsImlhdCI6MTc3MDYxNjAzOCwidXNlcklkIjoyMDIwNzM2MjQxODc1NTU0MzA0fQ.8kh4sG7fwAYaQS9DKeJDElRKYqhUg9ASMjDpLx2royQ\"}}"}
